jiho.ko0987@c6r8s8 docker-practice % cp .env.example .env
jiho.ko0987@c6r8s8 docker-practice % docker compose version
Docker Compose version v2.40.3
jiho.ko0987@c6r8s8 docker-practice % docker compose config
name: docker-practice
services:
  linux:
    build:
      context: /Users/jiho.ko0987/code/docker-practice/linux
      dockerfile: Dockerfile
    environment:
      APP_MODE: compose-practice
      PORT: "8080"
    image: basic-linux:1.0
    networks:
      default: null
  web:
    build:
      context: /Users/jiho.ko0987/code/docker-practice/web
      dockerfile: Dockerfile
    depends_on:
      linux:
        condition: service_started
        required: true
    image: basic-web:1.0
    networks:
      default: null
    ports:
      - mode: ingress
        target: 80
        published: "8081"
        protocol: tcp
    volumes:
      - type: bind
        source: /Users/jiho.ko0987/code/docker-practice/logs
        target: /logs
        bind:
          create_host_path: true
networks:
  default:
    name: docker-practice_default
jiho.ko0987@c6r8s8 docker-practice % docker compose up -d --build
[+] Building 2.5s (21/21) FINISHED                                                                                            
 => [internal] load local bake definitions                                                                               0.0s
 => => reading from stdin 999B                                                                                           0.0s
 => [linux internal] load build definition from Dockerfile                                                               0.1s
 => => transferring dockerfile: 341B                                                                                     0.0s
 => [web internal] load build definition from Dockerfile                                                                 0.1s
 => => transferring dockerfile: 196B                                                                                     0.0s
 => [linux internal] load metadata for docker.io/library/python:3.12-slim                                                1.6s
 => [web internal] load metadata for docker.io/library/nginx:alpine                                                      0.0s
 => [web internal] load .dockerignore                                                                                    0.1s
 => => transferring context: 2B                                                                                          0.0s
 => [web internal] load build context                                                                                    0.1s
 => => transferring context: 64B                                                                                         0.0s
 => [web 1/4] FROM docker.io/library/nginx:alpine                                                                        0.0s
 => CACHED [web 2/4] RUN apk add --no-cache curl                                                                         0.0s
 => CACHED [web 3/4] COPY index.html /usr/share/nginx/html/index.html                                                    0.0s
 => CACHED [web 4/4] COPY default.conf /etc/nginx/conf.d/default.conf                                                    0.0s
 => [web] exporting to image                                                                                             0.1s
 => => exporting layers                                                                                                  0.0s
 => => writing image sha256:4d3b4358086c8da4c6fff043f98700158dbfe9f31a333514aff69c3bde0db406                             0.0s
 => => naming to docker.io/library/basic-web:1.0                                                                         0.0s
 => [web] resolving provenance for metadata file                                                                         0.0s
 => [linux internal] load .dockerignore                                                                                  0.1s
 => => transferring context: 2B                                                                                          0.0s
 => [linux 1/4] FROM docker.io/library/python:3.12-slim@sha256:57cd7c3a7a273101a6485ba99423ee568157882804b1124b4dd04266  0.0s
 => [linux internal] load build context                                                                                  0.1s
 => => transferring context: 31B                                                                                         0.0s
 => CACHED [linux 2/4] RUN apt-get update     && apt-get install -y --no-install-recommends curl passwd     && rm -rf /  0.0s
 => CACHED [linux 3/4] WORKDIR /app                                                                                      0.0s
 => CACHED [linux 4/4] COPY server.py .                                                                                  0.0s
 => [linux] exporting to image                                                                                           0.1s
 => => exporting layers                                                                                                  0.0s
 => => writing image sha256:18499e3c59a812d75b15e6afdcc999a5fd0f0f286efeb25ef512efc7301fb061                             0.0s
 => => naming to docker.io/library/basic-linux:1.0                                                                       0.0s
 => [linux] resolving provenance for metadata file                                                                       0.0s
[+] Running 5/5
 ✔ basic-web:1.0                      Built                                                                              0.0s 
 ✔ basic-linux:1.0                    Built                                                                              0.0s 
 ✔ Network docker-practice_default    Created                                                                            0.1s 
 ✔ Container docker-practice-linux-1  Started                                                                            0.5s 
 ✔ Container docker-practice-web-1    Started                                                                            0.7s 
jiho.ko0987@c6r8s8 docker-practice % docker compose ps
NAME                      IMAGE             COMMAND                  SERVICE   CREATED          STATUS         PORTS
docker-practice-linux-1   basic-linux:1.0   "python server.py"       linux     10 seconds ago   Up 9 seconds   8080/tcp
docker-practice-web-1     basic-web:1.0     "/docker-entrypoint.…"   web       10 seconds ago   Up 9 seconds   0.0.0.0:8081->80/tcp, [::]:8081->80/tcp
jiho.ko0987@c6r8s8 docker-practice % docker compose exec linux printenv APP_MODE
compose-practice
jiho.ko0987@c6r8s8 docker-practice % docker compose exec linux printenv PORT    
8080
jiho.ko0987@c6r8s8 docker-practice % curl http://localhost:8081
<!doctype html>
<html>
<body>
  <h1>Docker Basic Lab</h1>
  <p>This page is stored in the web image.</p>
  <p>Try: curl http://localhost:8080/who</p>
</body>
</html>
jiho.ko0987@c6r8s8 docker-practice % curl http://localhost:8081/who
Hello from linux container. user=Codyssey, mode=compose-practice, port=8080
jiho.ko0987@c6r8s8 docker-practice % docker compose logs
linux-1  | Starting server: user=Codyssey, mode=compose-practice, port=8080
linux-1  | 192.168.97.3 - - [04/Aug/2026 12:44:26] "GET /who HTTP/1.1" 200 -
web-1    | /docker-entrypoint.sh: /docker-entrypoint.d/ is not empty, will attempt to perform configuration
web-1    | /docker-entrypoint.sh: Looking for shell scripts in /docker-entrypoint.d/
web-1    | /docker-entrypoint.sh: Launching /docker-entrypoint.d/10-listen-on-ipv6-by-default.sh
web-1    | 10-listen-on-ipv6-by-default.sh: info: Getting the checksum of /etc/nginx/conf.d/default.conf
web-1    | 10-listen-on-ipv6-by-default.sh: info: /etc/nginx/conf.d/default.conf differs from the packaged version
web-1    | /docker-entrypoint.sh: Sourcing /docker-entrypoint.d/15-local-resolvers.envsh
web-1    | /docker-entrypoint.sh: Launching /docker-entrypoint.d/20-envsubst-on-templates.sh
web-1    | /docker-entrypoint.sh: Launching /docker-entrypoint.d/30-tune-worker-processes.sh
web-1    | /docker-entrypoint.sh: Configuration complete; ready for start up
web-1    | 2026/08/04 12:43:50 [notice] 1#1: using the "epoll" event method
web-1    | 2026/08/04 12:43:50 [notice] 1#1: nginx/1.31.3
web-1    | 2026/08/04 12:43:50 [notice] 1#1: built by gcc 15.2.0 (Alpine 15.2.0) 
web-1    | 2026/08/04 12:43:50 [notice] 1#1: OS: Linux 6.17.8-orbstack-00308-g8f9c941121b1
web-1    | 2026/08/04 12:43:50 [notice] 1#1: getrlimit(RLIMIT_NOFILE): 20480:1048576
web-1    | 2026/08/04 12:43:50 [notice] 1#1: start worker processes
web-1    | 2026/08/04 12:43:50 [notice] 1#1: start worker process 29
web-1    | 2026/08/04 12:43:50 [notice] 1#1: start worker process 30
web-1    | 2026/08/04 12:43:50 [notice] 1#1: start worker process 31
web-1    | 2026/08/04 12:43:50 [notice] 1#1: start worker process 32
web-1    | 2026/08/04 12:43:50 [notice] 1#1: start worker process 33
web-1    | 2026/08/04 12:43:50 [notice] 1#1: start worker process 34
web-1    | 192.168.97.1 - - [04/Aug/2026:12:44:22 +0000] "GET / HTTP/1.1" 200 166 "-" "curl/8.7.1"
web-1    | 192.168.97.1 - - [04/Aug/2026:12:44:26 +0000] "GET /who HTTP/1.1" 200 76 "-" "curl/8.7.1"
jiho.ko0987@c6r8s8 docker-practice % docker compose logs --tail 10
linux-1  | Starting server: user=Codyssey, mode=compose-practice, port=8080
linux-1  | 192.168.97.3 - - [04/Aug/2026 12:44:26] "GET /who HTTP/1.1" 200 -
web-1    | 2026/08/04 12:43:50 [notice] 1#1: getrlimit(RLIMIT_NOFILE): 20480:1048576
web-1    | 2026/08/04 12:43:50 [notice] 1#1: start worker processes
web-1    | 2026/08/04 12:43:50 [notice] 1#1: start worker process 29
web-1    | 2026/08/04 12:43:50 [notice] 1#1: start worker process 30
web-1    | 2026/08/04 12:43:50 [notice] 1#1: start worker process 31
web-1    | 2026/08/04 12:43:50 [notice] 1#1: start worker process 32
web-1    | 2026/08/04 12:43:50 [notice] 1#1: start worker process 33
web-1    | 2026/08/04 12:43:50 [notice] 1#1: start worker process 34
web-1    | 192.168.97.1 - - [04/Aug/2026:12:44:22 +0000] "GET / HTTP/1.1" 200 166 "-" "curl/8.7.1"
web-1    | 192.168.97.1 - - [04/Aug/2026:12:44:26 +0000] "GET /who HTTP/1.1" 200 76 "-" "curl/8.7.1"
jiho.ko0987@c6r8s8 docker-practice % docker compose logs -f web
web-1  | /docker-entrypoint.sh: /docker-entrypoint.d/ is not empty, will attempt to perform configuration
web-1  | /docker-entrypoint.sh: Looking for shell scripts in /docker-entrypoint.d/
web-1  | /docker-entrypoint.sh: Launching /docker-entrypoint.d/10-listen-on-ipv6-by-default.sh
web-1  | 10-listen-on-ipv6-by-default.sh: info: Getting the checksum of /etc/nginx/conf.d/default.conf
web-1  | 10-listen-on-ipv6-by-default.sh: info: /etc/nginx/conf.d/default.conf differs from the packaged version
web-1  | /docker-entrypoint.sh: Sourcing /docker-entrypoint.d/15-local-resolvers.envsh
web-1  | /docker-entrypoint.sh: Launching /docker-entrypoint.d/20-envsubst-on-templates.sh
web-1  | /docker-entrypoint.sh: Launching /docker-entrypoint.d/30-tune-worker-processes.sh
web-1  | /docker-entrypoint.sh: Configuration complete; ready for start up
web-1  | 2026/08/04 12:43:50 [notice] 1#1: using the "epoll" event method
web-1  | 2026/08/04 12:43:50 [notice] 1#1: nginx/1.31.3
web-1  | 2026/08/04 12:43:50 [notice] 1#1: built by gcc 15.2.0 (Alpine 15.2.0) 
web-1  | 2026/08/04 12:43:50 [notice] 1#1: OS: Linux 6.17.8-orbstack-00308-g8f9c941121b1
web-1  | 2026/08/04 12:43:50 [notice] 1#1: getrlimit(RLIMIT_NOFILE): 20480:1048576
web-1  | 2026/08/04 12:43:50 [notice] 1#1: start worker processes
web-1  | 2026/08/04 12:43:50 [notice] 1#1: start worker process 29
web-1  | 2026/08/04 12:43:50 [notice] 1#1: start worker process 30
web-1  | 2026/08/04 12:43:50 [notice] 1#1: start worker process 31
web-1  | 2026/08/04 12:43:50 [notice] 1#1: start worker process 32
web-1  | 2026/08/04 12:43:50 [notice] 1#1: start worker process 33
web-1  | 2026/08/04 12:43:50 [notice] 1#1: start worker process 34
web-1  | 192.168.97.1 - - [04/Aug/2026:12:44:22 +0000] "GET / HTTP/1.1" 200 166 "-" "curl/8.7.1"
web-1  | 192.168.97.1 - - [04/Aug/2026:12:44:26 +0000] "GET /who HTTP/1.1" 200 76 "-" "curl/8.7.1"
c^C
jiho.ko0987@c6r8s8 docker-practice % docker compose ps
NAME                      IMAGE             COMMAND                  SERVICE   CREATED              STATUS              PORTS
docker-practice-linux-1   basic-linux:1.0   "python server.py"       linux     About a minute ago   Up About a minute   8080/tcp
docker-practice-web-1     basic-web:1.0     "/docker-entrypoint.…"   web       About a minute ago   Up About a minute   0.0.0.0:8081->80/tcp, [::]:8081->80/tcp
jiho.ko0987@c6r8s8 docker-practice % docker compose exec linux whoami
Codyssey
jiho.ko0987@c6r8s8 docker-practice % docker compose exec web curl -s http://linux:8081/who
jiho.ko0987@c6r8s8 docker-practice % docker compose exec linux sh
$ whoami
Codyssey
$ exit
jiho.ko0987@c6r8s8 docker-practice % docker compose down
[+] Running 3/3
 ✔ Container docker-practice-web-1    Removed                                                                            0.4s 
 ✔ Container docker-practice-linux-1  Removed                                                                           10.3s 
 ✔ Network docker-practice_default    Removed                                                                            0.1s 
jiho.ko0987@c6r8s8 docker-practice % docker compose ps
NAME      IMAGE     COMMAND   SERVICE   CREATED   STATUS    PORTS
jiho.ko0987@c6r8s8 docker-practice % cat logs/access.log
192.168.97.1 - - [04/Aug/2026:12:24:21 +0000] "GET / HTTP/1.1" 200 166 "-" "curl/8.7.1"
192.168.97.1 - - [04/Aug/2026:12:24:32 +0000] "GET /who HTTP/1.1" 200 66 "-" "curl/8.7.1"
192.168.97.1 - - [04/Aug/2026:12:26:04 +0000] "GET /who HTTP/1.1" 200 66 "-" "curl/8.7.1"
192.168.97.1 - - [04/Aug/2026:12:26:54 +0000] "GET /who HTTP/1.1" 200 66 "-" "curl/8.7.1"
192.168.97.1 - - [04/Aug/2026:12:44:22 +0000] "GET / HTTP/1.1" 200 166 "-" "curl/8.7.1"
192.168.97.1 - - [04/Aug/2026:12:44:26 +0000] "GET /who HTTP/1.1" 200 76 "-" "curl/8.7.1"
jiho.ko0987@c6r8s8 docker-practice %    