jiho.ko0987@c6r8s8 docker-practice % docker version
Client:
 Version:           28.5.2
 API version:       1.51
 Go version:        go1.25.3
 Git commit:        ecc6942
 Built:             Wed Nov  5 14:42:30 2025
 OS/Arch:           darwin/amd64
 Context:           orbstack

Server: Docker Engine - Community
 Engine:
  Version:          28.5.2
  API version:      1.51 (minimum version 1.24)
  Go version:       go1.24.9
  Git commit:       89c5e8f
  Built:            Wed Nov  5 14:45:42 2025
  OS/Arch:          linux/amd64
  Experimental:     false
 containerd:
  Version:          v2.2.0
  GitCommit:        1c4457e00facac03ce1d75f7b6777a7a851e5c41
 runc:
  Version:          1.3.3
  GitCommit:        d842d7719497cc3b774fd71620278ac9e17710e0
 docker-init:
  Version:          0.19.0
  GitCommit:        de40ad0

jiho.ko0987@c6r8s8 docker-practice % docker --version
Docker version 28.5.2, build ecc6942

jiho.ko0987@c6r8s8 docker-practice % docker info
Client:
 Version:    28.5.2
 Context:    orbstack
 Debug Mode: false
 Plugins:
  buildx: Docker Buildx (Docker Inc.)
    Version:  v0.29.1
    Path:     /Users/jiho.ko0987/.docker/cli-plugins/docker-buildx
  compose: Docker Compose (Docker Inc.)
    Version:  v2.40.3
    Path:     /Users/jiho.ko0987/.docker/cli-plugins/docker-compose

Server:
 Containers: 0
  Running: 0
  Paused: 0
  Stopped: 0
 Images: 0
 Server Version: 28.5.2
 Storage Driver: overlay2
  Backing Filesystem: btrfs
  Supports d_type: true
  Using metacopy: false
  Native Overlay Diff: true
  userxattr: false
 Logging Driver: json-file
 Cgroup Driver: cgroupfs
 Cgroup Version: 2
 Plugins:
  Volume: local
  Network: bridge host ipvlan macvlan null overlay
  Log: awslogs fluentd gcplogs gelf journald json-file local splunk syslog
 CDI spec directories:
  /etc/cdi
  /var/run/cdi
 Swarm: inactive
 Runtimes: io.containerd.runc.v2 runc
 Default Runtime: runc
 Init Binary: docker-init
 containerd version: 1c4457e00facac03ce1d75f7b6777a7a851e5c41
 runc version: d842d7719497cc3b774fd71620278ac9e17710e0
 init version: de40ad0
 Security Options:
  seccomp
   Profile: builtin
  cgroupns
 Kernel Version: 6.17.8-orbstack-00308-g8f9c941121b1
 Operating System: OrbStack
 OSType: linux
 Architecture: x86_64
 CPUs: 6
 Total Memory: 15.67GiB
 Name: orbstack
 ID: b45607dc-5429-4791-9c8f-2f044559bbd4
 Docker Root Dir: /var/lib/docker
 Debug Mode: false
 Experimental: false
 Insecure Registries:
  ::1/128
  127.0.0.0/8
 Live Restore Enabled: false
 Product License: Community Engine
 Default Address Pools:
   Base: 192.168.97.0/24, Size: 24
   Base: 192.168.107.0/24, Size: 24
   Base: 192.168.117.0/24, Size: 24
   Base: 192.168.147.0/24, Size: 24
   Base: 192.168.148.0/24, Size: 24
   Base: 192.168.155.0/24, Size: 24
   Base: 192.168.156.0/24, Size: 24
   Base: 192.168.158.0/24, Size: 24
   Base: 192.168.163.0/24, Size: 24
   Base: 192.168.164.0/24, Size: 24
   Base: 192.168.165.0/24, Size: 24
   Base: 192.168.166.0/24, Size: 24
   Base: 192.168.167.0/24, Size: 24
   Base: 192.168.171.0/24, Size: 24
   Base: 192.168.172.0/24, Size: 24
   Base: 192.168.181.0/24, Size: 24
   Base: 192.168.183.0/24, Size: 24
   Base: 192.168.186.0/24, Size: 24
   Base: 192.168.207.0/24, Size: 24
   Base: 192.168.214.0/24, Size: 24
   Base: 192.168.215.0/24, Size: 24
   Base: 192.168.216.0/24, Size: 24
   Base: 192.168.223.0/24, Size: 24
   Base: 192.168.227.0/24, Size: 24
   Base: 192.168.228.0/24, Size: 24
   Base: 192.168.229.0/24, Size: 24
   Base: 192.168.237.0/24, Size: 24
   Base: 192.168.239.0/24, Size: 24
   Base: 192.168.242.0/24, Size: 24
   Base: 192.168.247.0/24, Size: 24
   Base: fd07:b51a:cc66:d000::/56, Size: 64

WARNING: DOCKER_INSECURE_NO_IPTABLES_RAW is set

jiho.ko0987@c6r8s8 docker-practice % docker run hello-world
Unable to find image 'hello-world:latest' locally
latest: Pulling from library/hello-world
4f55086f7dd0: Pull complete 
Digest: sha256:c3cbe1cc1aa588a64951ac6286e0df7b27fe2e6324b1001c619bb358770c0178
Status: Downloaded newer image for hello-world:latest

Hello from Docker!
This message shows that your installation appears to be working correctly.

To generate this message, Docker took the following steps:
 1. The Docker client contacted the Docker daemon.
 2. The Docker daemon pulled the "hello-world" image from the Docker Hub.
    (amd64)
 3. The Docker daemon created a new container from that image which runs the
    executable that produces the output you are currently reading.
 4. The Docker daemon streamed that output to the Docker client, which sent it
    to your terminal.

To try something more ambitious, you can run an Ubuntu container with:
 $ docker run -it ubuntu bash

Share images, automate workflows, and more with a free Docker ID:
 https://hub.docker.com/

For more examples and ideas, visit:
 https://docs.docker.com/get-started/

jiho.ko0987@c6r8s8 docker-practice % docker images
REPOSITORY    TAG       IMAGE ID       CREATED        SIZE
hello-world   latest    e2ac70e7319a   4 months ago   10.1kB

jiho.ko0987@c6r8s8 docker-practice % docker image ls
REPOSITORY    TAG       IMAGE ID       CREATED        SIZE
hello-world   latest    e2ac70e7319a   4 months ago   10.1kB

jiho.ko0987@c6r8s8 docker-practice % docker pull nginx:alpine
alpine: Pulling from library/nginx
55afa1ecc21d: Pull complete 
3cd534fe98c6: Pull complete 
1223f016b4e4: Pull complete 
62bec68d7c31: Pull complete 
46f977ee452f: Pull complete 
d0008c891db4: Pull complete 
390dc935348d: Pull complete 
46519e7231d2: Pull complete 
Digest: sha256:4a73073bd557c65b759505da037898b61f1be6cbcc3c2c3aeac22d2a470c1752
Status: Downloaded newer image for nginx:alpine
docker.io/library/nginx:alpine

jiho.ko0987@c6r8s8 docker-practice % docker build -t basic-web:1.0 ./web
[+] Building 3.8s (9/9) FINISHED                                                                              docker:orbstack
 => [internal] load build definition from Dockerfile                                                                     0.2s
 => => transferring dockerfile: 196B                                                                                     0.0s
 => [internal] load metadata for docker.io/library/nginx:alpine                                                          0.0s
 => [internal] load .dockerignore                                                                                        0.2s
 => => transferring context: 2B                                                                                          0.0s
 => [1/4] FROM docker.io/library/nginx:alpine                                                                            1.0s
 => [internal] load build context                                                                                        0.4s
 => => transferring context: 514B                                                                                        0.0s
 => [2/4] RUN apk add --no-cache curl                                                                                    1.2s
 => [3/4] COPY index.html /usr/share/nginx/html/index.html                                                               0.2s
 => [4/4] COPY default.conf /etc/nginx/conf.d/default.conf                                                               0.2s
 => exporting to image                                                                                                   0.3s
 => => exporting layers                                                                                                  0.2s
 => => writing image sha256:da45bcac9c9a5ba1391f4882b22c77cd6e174887ab5cb046b462501da14d0163                             0.0s
 => => naming to docker.io/library/basic-web:1.0                                                                         0.0s

jiho.ko0987@c6r8s8 docker-practice % docker build -t basic-linux:1.0 ./linux
[+] Building 15.4s (9/9) FINISHED                                                                             docker:orbstack
 => [internal] load build definition from Dockerfile                                                                     0.2s
 => => transferring dockerfile: 341B                                                                                     0.0s
 => [internal] load metadata for docker.io/library/python:3.12-slim                                                      2.5s
 => [internal] load .dockerignore                                                                                        0.1s
 => => transferring context: 2B                                                                                          0.0s
 => [1/4] FROM docker.io/library/python:3.12-slim@sha256:57cd7c3a7a273101a6485ba99423ee568157882804b1124b4dd04266317710  3.4s
 => => resolve docker.io/library/python:3.12-slim@sha256:57cd7c3a7a273101a6485ba99423ee568157882804b1124b4dd04266317710  0.2s
 => => sha256:cab2dbf575e971934a81e4622f5aba17aa7929719bd7e31033a3a83b97fd0464 1.75kB / 1.75kB                           0.0s
 => => sha256:25c5b8011a3425a140bf5fa73be0feabd3c0d5b323eecb19dc02437a368ae075 5.66kB / 5.66kB                           0.0s
 => => sha256:062e450697faa5f02a3a74eba9864ee4d79bc9cfbd65769fc6cdff2c05c6a053 29.78MB / 29.78MB                         0.6s
 => => sha256:98db2485a0d07a8914586b02387e3813aa7e9fed79ab252898d3e96e21c717ea 1.29MB / 1.29MB                           0.5s
 => => sha256:57cd7c3a7a273101a6485ba99423ee568157882804b1124b4dd04266317710de 10.37kB / 10.37kB                         0.0s
 => => sha256:48347b15c85fd6dde9c5b0259f378fbaee3ce231b30a42f2f2bcc4ea0285cbc9 12.11MB / 12.11MB                         0.8s
 => => extracting sha256:062e450697faa5f02a3a74eba9864ee4d79bc9cfbd65769fc6cdff2c05c6a053                                1.1s
 => => sha256:fd079632edc0ab4e9d10c77ec348d5057a976e6fc508e93855548096dec2ae1e 250B / 250B                               0.8s
 => => extracting sha256:98db2485a0d07a8914586b02387e3813aa7e9fed79ab252898d3e96e21c717ea                                0.1s
 => => extracting sha256:48347b15c85fd6dde9c5b0259f378fbaee3ce231b30a42f2f2bcc4ea0285cbc9                                0.6s
 => => extracting sha256:fd079632edc0ab4e9d10c77ec348d5057a976e6fc508e93855548096dec2ae1e                                0.0s
 => [internal] load build context                                                                                        0.2s
 => => transferring context: 833B                                                                                        0.0s
 => [2/4] RUN apt-get update     && apt-get install -y --no-install-recommends curl passwd     && rm -rf /var/lib/apt/l  7.9s
 => [3/4] WORKDIR /app                                                                                                   0.2s 
 => [4/4] COPY server.py .                                                                                               0.2s 
 => exporting to image                                                                                                   0.3s 
 => => exporting layers                                                                                                  0.3s 
 => => writing image sha256:9e1128424247824e091bfc095d785614c39272a8daf5f5272160bb7c0a0a37a7                             0.0s 
 => => naming to docker.io/library/basic-linux:1.0                                                                       0.0s 

jiho.ko0987@c6r8s8 docker-practice % docker image ls
REPOSITORY    TAG       IMAGE ID       CREATED          SIZE
basic-linux   1.0       9e1128424247   9 seconds ago    133MB
basic-web     1.0       da45bcac9c9a   39 seconds ago   62.5MB
nginx         alpine    f0ba77f796e5   2 weeks ago      62.4MB
hello-world   latest    e2ac70e7319a   4 months ago     10.1kB

jiho.ko0987@c6r8s8 docker-practice % docker network create practice-net
56e1e88ae3e12a8e1767e01f607857bbed7e0ca55857b033c2520ed11797ccaa

jiho.ko0987@c6r8s8 docker-practice % docker network ls
NETWORK ID     NAME           DRIVER    SCOPE
d045af31df80   bridge         bridge    local
d096f26e9637   host           host      local
7a1e2a654cdf   none           null      local
56e1e88ae3e1   practice-net   bridge    local

jiho.ko0987@c6r8s8 docker-practice % docker run -d \
    --name linux \
    --network practice-net \
    -e APP_MODE=manual \
    -e PORT=8080 \
    basic-linux:1.0
953bf028aff261abf63151990080ab97fc518f8442a7c3c3a51a236b2d2b5415

jiho.ko0987@c6r8s8 docker-practice % docker run -dit \
    --name web \
    --network practice-net \
    -p 8080:80 \
    -v "$PWD/logs:/logs" \
    basic-web:1.0
00495e5a0995712d2845d6d19c46c54d31ea3cfeda7da37e9d81214250175578

jiho.ko0987@c6r8s8 docker-practice % docker ps
CONTAINER ID   IMAGE             COMMAND                  CREATED          STATUS          PORTS                                     NAMES
00495e5a0995   basic-web:1.0     "/docker-entrypoint.…"   7 seconds ago    Up 6 seconds    0.0.0.0:8080->80/tcp, [::]:8080->80/tcp   web
953bf028aff2   basic-linux:1.0   "python server.py"       12 seconds ago   Up 11 seconds   8080/tcp                                  linux

jiho.ko0987@c6r8s8 docker-practice % docker ps -a
CONTAINER ID   IMAGE             COMMAND                  CREATED          STATUS                     PORTS                                     NAMES
00495e5a0995   basic-web:1.0     "/docker-entrypoint.…"   9 seconds ago    Up 8 seconds               0.0.0.0:8080->80/tcp, [::]:8080->80/tcp   web
953bf028aff2   basic-linux:1.0   "python server.py"       14 seconds ago   Up 13 seconds              8080/tcp                                  linux
7c4525881a71   hello-world       "/hello"                 6 minutes ago    Exited (0) 6 minutes ago                                             charming_goodall

jiho.ko0987@c6r8s8 docker-practice % docker port web
80/tcp -> 0.0.0.0:8080
80/tcp -> [::]:8080

jiho.ko0987@c6r8s8 docker-practice % curl http://localhost:8080
<!doctype html>
<html>
<body>
  <h1>Docker Basic Lab</h1>
  <p>This page is stored in the web image.</p>
  <p>Try: curl http://localhost:8080/who</p>
</body>
</html>

jiho.ko0987@c6r8s8 docker-practice % curl http://localhost:8080/who
Hello from linux container. user=Codyssey, mode=manual, port=8080

jiho.ko0987@c6r8s8 docker-practice % docker run -d \
    --name linux-env \
    -e APP_MODE=port-test \
    -e PORT=9090 \
    -p 9090:9090 \
    basic-linux:1.0
3adebd3d853f44868f515d18390bf43994b85c56e725a9f326116befc1c3cc6d

jiho.ko0987@c6r8s8 docker-practice % docker exec linux-env printenv APP_MODE PORT
port-test
9090

jiho.ko0987@c6r8s8 docker-practice % curl http://localhost:9090
Hello from linux container. user=Codyssey, mode=port-test, port=9090

jiho.ko0987@c6r8s8 docker-practice % docker rm -f linux-env
linux-env

jiho.ko0987@c6r8s8 docker-practice % docker exec web curl -s http://linux:8080/who
Hello from linux container. user=Codyssey, mode=manual, port=8080

jiho.ko0987@c6r8s8 docker-practice % docker exec linux whoami
Codyssey

jiho.ko0987@c6r8s8 docker-practice % docker exec linux curl -s http://localhost:8080
Hello from linux container. user=Codyssey, mode=manual, port=8080

jiho.ko0987@c6r8s8 docker-practice % ls -l logs
total 8
-rw-r--r--  1 jiho.ko0987  jiho.ko0987  178 Aug  4 21:24 access.log

jiho.ko0987@c6r8s8 docker-practice % cat logs/access.log
192.168.97.1 - - [04/Aug/2026:12:24:21 +0000] "GET / HTTP/1.1" 200 166 "-" "curl/8.7.1"
192.168.97.1 - - [04/Aug/2026:12:24:32 +0000] "GET /who HTTP/1.1" 200 66 "-" "curl/8.7.1"

jiho.ko0987@c6r8s8 docker-practice % docker exec web cat /logs/access.log
192.168.97.1 - - [04/Aug/2026:12:24:21 +0000] "GET / HTTP/1.1" 200 166 "-" "curl/8.7.1"
192.168.97.1 - - [04/Aug/2026:12:24:32 +0000] "GET /who HTTP/1.1" 200 66 "-" "curl/8.7.1"

jiho.ko0987@c6r8s8 docker-practice % curl http://localhost:8080/who
Hello from linux container. user=Codyssey, mode=manual, port=8080

jiho.ko0987@c6r8s8 docker-practice % cat logs/access.log                 
192.168.97.1 - - [04/Aug/2026:12:24:21 +0000] "GET / HTTP/1.1" 200 166 "-" "curl/8.7.1"
192.168.97.1 - - [04/Aug/2026:12:24:32 +0000] "GET /who HTTP/1.1" 200 66 "-" "curl/8.7.1"
192.168.97.1 - - [04/Aug/2026:12:26:04 +0000] "GET /who HTTP/1.1" 200 66 "-" "curl/8.7.1"

jiho.ko0987@c6r8s8 docker-practice % docker exec web cat /logs/access.log
192.168.97.1 - - [04/Aug/2026:12:24:21 +0000] "GET / HTTP/1.1" 200 166 "-" "curl/8.7.1"
192.168.97.1 - - [04/Aug/2026:12:24:32 +0000] "GET /who HTTP/1.1" 200 66 "-" "curl/8.7.1"
192.168.97.1 - - [04/Aug/2026:12:26:04 +0000] "GET /who HTTP/1.1" 200 66 "-" "curl/8.7.1"

jiho.ko0987@c6r8s8 docker-practice % docker exec -it linux sh
$ whoami
Codyssey
$ pwd
/app
$ ls
server.py
$ exit

jiho.ko0987@c6r8s8 docker-practice % docker ps
CONTAINER ID   IMAGE             COMMAND                  CREATED         STATUS         PORTS                                     NAMES
00495e5a0995   basic-web:1.0     "/docker-entrypoint.…"   2 minutes ago   Up 2 minutes   0.0.0.0:8080->80/tcp, [::]:8080->80/tcp   web
953bf028aff2   basic-linux:1.0   "python server.py"       3 minutes ago   Up 3 minutes   8080/tcp                                  linux

jiho.ko0987@c6r8s8 docker-practice % curl http://localhost:8080/who
Hello from linux container. user=Codyssey, mode=manual, port=8080

jiho.ko0987@c6r8s8 docker-practice % docker attach web
2026/08/04 12:26:58 [notice] 33#33: signal 28 (SIGWINCH) received
2026/08/04 12:26:58 [notice] 31#31: signal 28 (SIGWINCH) received
2026/08/04 12:26:58 [notice] 29#29: signal 28 (SIGWINCH) received
2026/08/04 12:26:58 [notice] 30#30: signal 28 (SIGWINCH) received
2026/08/04 12:26:58 [notice] 1#1: signal 28 (SIGWINCH) received
2026/08/04 12:26:58 [notice] 34#34: signal 28 (SIGWINCH) received
2026/08/04 12:26:58 [notice] 32#32: signal 28 (SIGWINCH) received
2026/08/04 12:26:58 [notice] 31#31: signal 28 (SIGWINCH) received
2026/08/04 12:26:58 [notice] 34#34: signal 28 (SIGWINCH) received
2026/08/04 12:26:58 [notice] 33#33: signal 28 (SIGWINCH) received
2026/08/04 12:26:58 [notice] 32#32: signal 28 (SIGWINCH) received
2026/08/04 12:26:58 [notice] 30#30: signal 28 (SIGWINCH) received
2026/08/04 12:26:58 [notice] 29#29: signal 28 (SIGWINCH) received
2026/08/04 12:26:58 [notice] 1#1: signal 28 (SIGWINCH) received
read escape sequence

jiho.ko0987@c6r8s8 docker-practice % docker rm -f web linux
web
linux

jiho.ko0987@c6r8s8 docker-practice % docker network rm practice-net
practice-net

jiho.ko0987@c6r8s8 docker-practice % docker ps -a
CONTAINER ID   IMAGE         COMMAND    CREATED          STATUS                      PORTS     NAMES
7c4525881a71   hello-world   "/hello"   15 minutes ago   Exited (0) 15 minutes ago             charming_goodall

jiho.ko0987@c6r8s8 docker-practice % cat logs/access.log
192.168.97.1 - - [04/Aug/2026:12:24:21 +0000] "GET / HTTP/1.1" 200 166 "-" "curl/8.7.1"
192.168.97.1 - - [04/Aug/2026:12:24:32 +0000] "GET /who HTTP/1.1" 200 66 "-" "curl/8.7.1"
192.168.97.1 - - [04/Aug/2026:12:26:04 +0000] "GET /who HTTP/1.1" 200 66 "-" "curl/8.7.1"
192.168.97.1 - - [04/Aug/2026:12:26:54 +0000] "GET /who HTTP/1.1" 200 66 "-" "curl/8.7.1"

jiho.ko0987@c6r8s8 docker-practice % 